 gcc -g p2final.c
 ./a.out
enter the side of a triangle
3
enter the side of a triangle
4
enter the side of a triangle
5
the given triangle of sides 3,4,5  is scalene triangle
 ./a.out
enter the side of a triangle
3
enter the side of a triangle
3
enter the side of a triangle
3
the given triangle of sides 3,3,3  is a equilaternal triangle
 ./a.out
enter the side of a triangle
3
enter the side of a triangle
4
enter the side of a triangle
4
the given triangle of sides 3,4,4  is isoceles triangle
 
 gdb a.out
GNU gdb (Ubuntu 8.1.1-0ubuntu1) 8.1.1
Copyright (C) 2018 Free Software Foundation, Inc.
License GPLv3+: GNU GPL version 3 or later <http://gnu.org/licenses/gpl.html>
This is free software: you are free to change and redistribute it.
There is NO WARRANTY, to the extent permitted by law.  Type "show copying"
and "show warranty" for details.
This GDB was configured as "x86_64-linux-gnu".
Type "show configuration" for configuration details.
For bug reporting instructions, please see:
<http://www.gnu.org/software/gdb/bugs/>.
Find the GDB manual and other documentation resources online at:
<http://www.gnu.org/software/gdb/documentation/>.
For help, type "help".
Type "apropos word" to search for commands related to "word"...
Reading symbols from a.out...done.
(gdb) b main
Breakpoint 1 at 0x899: file p2final.c, line 33.
(gdb) r
Starting program: /home/runner/IA2-Test1-Session2-8/a.out 
warning: Error disabling address space randomization: Operation not permitted

Breakpoint 1, main () at p2final.c:33
33     a=input_side();
(gdb) s
input_side () at p2final.c:4
4   {
(gdb) n
6     printf("enter the side of a triangle\n");
(gdb) n
enter the side of a triangle
7     scanf("%f",&side);
(gdb) n
3
8     return side;
(gdb) n
9   }
(gdb) n
main () at p2final.c:34
34     b=input_side();
(gdb) s
input_side () at p2final.c:4
4   {
(gdb) n
6     printf("enter the side of a triangle\n");
(gdb) n
enter the side of a triangle
7     scanf("%f",&side);
(gdb) n
4
8     return side;
(gdb) n
9   }
(gdb) n
main () at p2final.c:35
35     c=input_side();
(gdb) s
input_side () at p2final.c:4
4   {
(gdb) n
6     printf("enter the side of a triangle\n");
(gdb) n
enter the side of a triangle
7     scanf("%f",&side);
(gdb) n
5
8     return side;
(gdb) n
9   }
(gdb) n
main () at p2final.c:36
36     scalene=check_scalene(a,b,c);
(gdb) s
check_scalene (a=3, b=4, c=5) at p2final.c:12
12    if(a!=b && a!=c && b!=c)
(gdb) n
13    return 0;
(gdb) n
19  }
(gdb) n
main () at p2final.c:37
37     output(a,b,c,scalene);
(gdb) s
output (a=3, b=4, c=5, isscalene=0) at p2final.c:22
22     if(isscalene==0)
(gdb) n
23     printf("the given triangle of sides %d,%d,%d  is scalene triangle\n",a,b,c);
(gdb) n
the given triangle of sides 3,4,5  is scalene triangle
29   }
(gdb) n
main () at p2final.c:38
38   }(gdb) p a
$1 = 3
(gdb) p b
$2 = 4
(gdb) p c
$3 = 5
(gdb) n
__libc_start_main (main=0x557b67600891 <main>, argc=1, argv=0x7ffd876c28f8, 
    init=<optimized out>, fini=<optimized out>, rtld_fini=<optimized out>, 
    stack_end=0x7ffd876c28e8) at ../csu/libc-start.c:344
344 ../csu/libc-start.c: No such file or directory.
(gdb) q
A debugging session is active.

    Inferior 1 [process 415] will be killed.

Quit anyway? (y or n) y